Archive member included because of file (symbol)

c:/freescale/kds_v3/toolchain/bin/../lib/gcc/arm-none-eabi/4.8.4/armv6-m\libgcc.a(_udivsi3.o)
                              ./Project_Settings/Startup_Code/system_MKL46Z4.o (__aeabi_uidiv)
c:/freescale/kds_v3/toolchain/bin/../lib/gcc/arm-none-eabi/4.8.4/armv6-m\libgcc.a(_dvmd_tls.o)
                              c:/freescale/kds_v3/toolchain/bin/../lib/gcc/arm-none-eabi/4.8.4/armv6-m\libgcc.a(_udivsi3.o) (__aeabi_idiv0)
c:/freescale/kds_v3/toolchain/bin/../lib/gcc/arm-none-eabi/4.8.4/../../../../arm-none-eabi/lib/armv6-m\libg_s.a(lib_a-exit.o)
                              c:/freescale/kds_v3/toolchain/bin/../lib/gcc/arm-none-eabi/4.8.4/../../../../arm-none-eabi/lib/armv6-m/crt0.o (exit)
c:/freescale/kds_v3/toolchain/bin/../lib/gcc/arm-none-eabi/4.8.4/../../../../arm-none-eabi/lib/armv6-m\libg_s.a(lib_a-impure.o)
                              c:/freescale/kds_v3/toolchain/bin/../lib/gcc/arm-none-eabi/4.8.4/../../../../arm-none-eabi/lib/armv6-m\libg_s.a(lib_a-exit.o) (_global_impure_ptr)
c:/freescale/kds_v3/toolchain/bin/../lib/gcc/arm-none-eabi/4.8.4/../../../../arm-none-eabi/lib/armv6-m\libg_s.a(lib_a-init.o)
                              c:/freescale/kds_v3/toolchain/bin/../lib/gcc/arm-none-eabi/4.8.4/../../../../arm-none-eabi/lib/armv6-m/crt0.o (__libc_init_array)
c:/freescale/kds_v3/toolchain/bin/../lib/gcc/arm-none-eabi/4.8.4/../../../../arm-none-eabi/lib/armv6-m\libg_s.a(lib_a-memset.o)
                              c:/freescale/kds_v3/toolchain/bin/../lib/gcc/arm-none-eabi/4.8.4/../../../../arm-none-eabi/lib/armv6-m/crt0.o (memset)
c:/freescale/kds_v3/toolchain/bin/../lib/gcc/arm-none-eabi/4.8.4/../../../../arm-none-eabi/lib/armv6-m\libnosys.a(_exit.o)
                              c:/freescale/kds_v3/toolchain/bin/../lib/gcc/arm-none-eabi/4.8.4/../../../../arm-none-eabi/lib/armv6-m\libg_s.a(lib_a-exit.o) (_exit)

Discarded input sections

 .text          0x00000000        0x0 c:/freescale/kds_v3/toolchain/bin/../lib/gcc/arm-none-eabi/4.8.4/armv6-m/crti.o
 .data          0x00000000        0x0 c:/freescale/kds_v3/toolchain/bin/../lib/gcc/arm-none-eabi/4.8.4/armv6-m/crti.o
 .bss           0x00000000        0x0 c:/freescale/kds_v3/toolchain/bin/../lib/gcc/arm-none-eabi/4.8.4/armv6-m/crti.o
 .data          0x00000000        0x4 c:/freescale/kds_v3/toolchain/bin/../lib/gcc/arm-none-eabi/4.8.4/armv6-m/crtbegin.o
 .data          0x00000000        0x0 c:/freescale/kds_v3/toolchain/bin/../lib/gcc/arm-none-eabi/4.8.4/../../../../arm-none-eabi/lib/armv6-m/crt0.o
 .bss           0x00000000        0x0 c:/freescale/kds_v3/toolchain/bin/../lib/gcc/arm-none-eabi/4.8.4/../../../../arm-none-eabi/lib/armv6-m/crt0.o
 .ARM.extab     0x00000000        0x0 c:/freescale/kds_v3/toolchain/bin/../lib/gcc/arm-none-eabi/4.8.4/../../../../arm-none-eabi/lib/armv6-m/crt0.o
 .group         0x00000000        0x8 ./Sources/HAL_layer/hal_clock.o
 .group         0x00000000        0x8 ./Sources/HAL_layer/hal_clock.o
 .group         0x00000000        0x8 ./Sources/HAL_layer/hal_clock.o
 .group         0x00000000        0x8 ./Sources/HAL_layer/hal_clock.o
 .group         0x00000000        0x8 ./Sources/HAL_layer/hal_clock.o
 .group         0x00000000        0x8 ./Sources/HAL_layer/hal_clock.o
 .group         0x00000000        0x8 ./Sources/HAL_layer/hal_clock.o
 .group         0x00000000        0x8 ./Sources/HAL_layer/hal_clock.o
 .group         0x00000000        0x8 ./Sources/HAL_layer/hal_clock.o
 .group         0x00000000        0x8 ./Sources/HAL_layer/hal_clock.o
 .group         0x00000000        0x8 ./Sources/HAL_layer/hal_clock.o
 .group         0x00000000        0x8 ./Sources/HAL_layer/hal_clock.o
 .group         0x00000000        0x8 ./Sources/HAL_layer/hal_clock.o
 .group         0x00000000        0x8 ./Sources/HAL_layer/hal_clock.o
 .group         0x00000000        0x8 ./Sources/HAL_layer/hal_clock.o
 .group         0x00000000        0x8 ./Sources/HAL_layer/hal_clock.o
 .group         0x00000000        0x8 ./Sources/HAL_layer/hal_clock.o
 .group         0x00000000        0x8 ./Sources/HAL_layer/hal_clock.o
 .group         0x00000000        0x8 ./Sources/HAL_layer/hal_clock.o
 .group         0x00000000        0x8 ./Sources/HAL_layer/hal_clock.o
 .group         0x00000000        0x8 ./Sources/HAL_layer/hal_clock.o
 .group         0x00000000        0x8 ./Sources/HAL_layer/hal_clock.o
 .text          0x00000000        0x0 ./Sources/HAL_layer/hal_clock.o
 .data          0x00000000        0x0 ./Sources/HAL_layer/hal_clock.o
 .bss           0x00000000        0x0 ./Sources/HAL_layer/hal_clock.o
 .group         0x00000000        0x8 ./Sources/HAL_layer/hal_gpio.o
 .group         0x00000000        0x8 ./Sources/HAL_layer/hal_gpio.o
 .group         0x00000000        0x8 ./Sources/HAL_layer/hal_gpio.o
 .group         0x00000000        0x8 ./Sources/HAL_layer/hal_gpio.o
 .group         0x00000000        0x8 ./Sources/HAL_layer/hal_gpio.o
 .group         0x00000000        0x8 ./Sources/HAL_layer/hal_gpio.o
 .group         0x00000000        0x8 ./Sources/HAL_layer/hal_gpio.o
 .group         0x00000000        0x8 ./Sources/HAL_layer/hal_gpio.o
 .group         0x00000000        0x8 ./Sources/HAL_layer/hal_gpio.o
 .group         0x00000000        0x8 ./Sources/HAL_layer/hal_gpio.o
 .group         0x00000000        0x8 ./Sources/HAL_layer/hal_gpio.o
 .text          0x00000000        0x0 ./Sources/HAL_layer/hal_gpio.o
 .data          0x00000000        0x0 ./Sources/HAL_layer/hal_gpio.o
 .bss           0x00000000        0x0 ./Sources/HAL_layer/hal_gpio.o
 .debug_macro   0x00000000      0x802 ./Sources/HAL_layer/hal_gpio.o
 .debug_macro   0x00000000       0x16 ./Sources/HAL_layer/hal_gpio.o
 .debug_macro   0x00000000       0x16 ./Sources/HAL_layer/hal_gpio.o
 .debug_macro   0x00000000       0x44 ./Sources/HAL_layer/hal_gpio.o
 .debug_macro   0x00000000      0x209 ./Sources/HAL_layer/hal_gpio.o
 .debug_macro   0x00000000       0x3a ./Sources/HAL_layer/hal_gpio.o
 .debug_macro   0x00000000       0x3a ./Sources/HAL_layer/hal_gpio.o
 .debug_macro   0x00000000       0x26 ./Sources/HAL_layer/hal_gpio.o
 .debug_macro   0x00000000      0x306 ./Sources/HAL_layer/hal_gpio.o
 .debug_macro   0x00000000       0x6b ./Sources/HAL_layer/hal_gpio.o
 .debug_macro   0x00000000     0xd132 ./Sources/HAL_layer/hal_gpio.o
 .group         0x00000000        0x8 ./Sources/Drivers_layer/Switch/switch.o
 .group         0x00000000        0x8 ./Sources/Drivers_layer/Switch/switch.o
 .group         0x00000000        0x8 ./Sources/Drivers_layer/Switch/switch.o
 .group         0x00000000        0x8 ./Sources/Drivers_layer/Switch/switch.o
 .group         0x00000000        0x8 ./Sources/Drivers_layer/Switch/switch.o
 .group         0x00000000        0x8 ./Sources/Drivers_layer/Switch/switch.o
 .group         0x00000000        0x8 ./Sources/Drivers_layer/Switch/switch.o
 .group         0x00000000        0x8 ./Sources/Drivers_layer/Switch/switch.o
 .group         0x00000000        0x8 ./Sources/Drivers_layer/Switch/switch.o
 .group         0x00000000        0x8 ./Sources/Drivers_layer/Switch/switch.o
 .group         0x00000000        0x8 ./Sources/Drivers_layer/Switch/switch.o
 .text          0x00000000        0x0 ./Sources/Drivers_layer/Switch/switch.o
 .data          0x00000000        0x0 ./Sources/Drivers_layer/Switch/switch.o
 .bss           0x00000000        0x0 ./Sources/Drivers_layer/Switch/switch.o
 .debug_macro   0x00000000      0x802 ./Sources/Drivers_layer/Switch/switch.o
 .debug_macro   0x00000000       0x16 ./Sources/Drivers_layer/Switch/switch.o
 .debug_macro   0x00000000       0x16 ./Sources/Drivers_layer/Switch/switch.o
 .debug_macro   0x00000000       0x44 ./Sources/Drivers_layer/Switch/switch.o
 .debug_macro   0x00000000      0x209 ./Sources/Drivers_layer/Switch/switch.o
 .debug_macro   0x00000000       0x3a ./Sources/Drivers_layer/Switch/switch.o
 .debug_macro   0x00000000       0x3a ./Sources/Drivers_layer/Switch/switch.o
 .debug_macro   0x00000000       0x26 ./Sources/Drivers_layer/Switch/switch.o
 .debug_macro   0x00000000      0x306 ./Sources/Drivers_layer/Switch/switch.o
 .debug_macro   0x00000000       0x6b ./Sources/Drivers_layer/Switch/switch.o
 .debug_macro   0x00000000     0xd132 ./Sources/Drivers_layer/Switch/switch.o
 .group         0x00000000        0x8 ./Sources/Drivers_layer/LED/led.o
 .group         0x00000000        0x8 ./Sources/Drivers_layer/LED/led.o
 .group         0x00000000        0x8 ./Sources/Drivers_layer/LED/led.o
 .group         0x00000000        0x8 ./Sources/Drivers_layer/LED/led.o
 .group         0x00000000        0x8 ./Sources/Drivers_layer/LED/led.o
 .group         0x00000000        0x8 ./Sources/Drivers_layer/LED/led.o
 .group         0x00000000        0x8 ./Sources/Drivers_layer/LED/led.o
 .group         0x00000000        0x8 ./Sources/Drivers_layer/LED/led.o
 .group         0x00000000        0x8 ./Sources/Drivers_layer/LED/led.o
 .group         0x00000000        0x8 ./Sources/Drivers_layer/LED/led.o
 .group         0x00000000        0x8 ./Sources/Drivers_layer/LED/led.o
 .text          0x00000000        0x0 ./Sources/Drivers_layer/LED/led.o
 .data          0x00000000        0x0 ./Sources/Drivers_layer/LED/led.o
 .bss           0x00000000        0x0 ./Sources/Drivers_layer/LED/led.o
 .debug_macro   0x00000000      0x802 ./Sources/Drivers_layer/LED/led.o
 .debug_macro   0x00000000       0x16 ./Sources/Drivers_layer/LED/led.o
 .debug_macro   0x00000000       0x16 ./Sources/Drivers_layer/LED/led.o
 .debug_macro   0x00000000       0x44 ./Sources/Drivers_layer/LED/led.o
 .debug_macro   0x00000000      0x209 ./Sources/Drivers_layer/LED/led.o
 .debug_macro   0x00000000       0x3a ./Sources/Drivers_layer/LED/led.o
 .debug_macro   0x00000000       0x3a ./Sources/Drivers_layer/LED/led.o
 .debug_macro   0x00000000       0x26 ./Sources/Drivers_layer/LED/led.o
 .debug_macro   0x00000000      0x306 ./Sources/Drivers_layer/LED/led.o
 .debug_macro   0x00000000       0x6b ./Sources/Drivers_layer/LED/led.o
 .debug_macro   0x00000000     0xd132 ./Sources/Drivers_layer/LED/led.o
 .group         0x00000000        0x8 ./Sources/Application_layer/app.o
 .group         0x00000000        0x8 ./Sources/Application_layer/app.o
 .group         0x00000000        0x8 ./Sources/Application_layer/app.o
 .group         0x00000000        0x8 ./Sources/Application_layer/app.o
 .group         0x00000000        0x8 ./Sources/Application_layer/app.o
 .group         0x00000000        0x8 ./Sources/Application_layer/app.o
 .group         0x00000000        0x8 ./Sources/Application_layer/app.o
 .group         0x00000000        0x8 ./Sources/Application_layer/app.o
 .group         0x00000000        0x8 ./Sources/Application_layer/app.o
 .group         0x00000000        0x8 ./Sources/Application_layer/app.o
 .group         0x00000000        0x8 ./Sources/Application_layer/app.o
 .text          0x00000000        0x0 ./Sources/Application_layer/app.o
 .data          0x00000000        0x0 ./Sources/Application_layer/app.o
 .bss           0x00000000        0x0 ./Sources/Application_layer/app.o
 .debug_macro   0x00000000      0x802 ./Sources/Application_layer/app.o
 .debug_macro   0x00000000       0x16 ./Sources/Application_layer/app.o
 .debug_macro   0x00000000       0x16 ./Sources/Application_layer/app.o
 .debug_macro   0x00000000       0x44 ./Sources/Application_layer/app.o
 .debug_macro   0x00000000      0x209 ./Sources/Application_layer/app.o
 .debug_macro   0x00000000       0x3a ./Sources/Application_layer/app.o
 .debug_macro   0x00000000       0x3a ./Sources/Application_layer/app.o
 .debug_macro   0x00000000       0x26 ./Sources/Application_layer/app.o
 .debug_macro   0x00000000      0x306 ./Sources/Application_layer/app.o
 .debug_macro   0x00000000       0x6b ./Sources/Application_layer/app.o
 .debug_macro   0x00000000     0xd132 ./Sources/Application_layer/app.o
 .group         0x00000000        0x8 ./Sources/main.o
 .group         0x00000000        0x8 ./Sources/main.o
 .group         0x00000000        0x8 ./Sources/main.o
 .group         0x00000000        0x8 ./Sources/main.o
 .group         0x00000000        0x8 ./Sources/main.o
 .group         0x00000000        0x8 ./Sources/main.o
 .group         0x00000000        0x8 ./Sources/main.o
 .group         0x00000000        0x8 ./Sources/main.o
 .group         0x00000000        0x8 ./Sources/main.o
 .group         0x00000000        0x8 ./Sources/main.o
 .group         0x00000000        0x8 ./Sources/main.o
 .text          0x00000000        0x0 ./Sources/main.o
 .data          0x00000000        0x0 ./Sources/main.o
 .bss           0x00000000        0x0 ./Sources/main.o
 .debug_macro   0x00000000      0x802 ./Sources/main.o
 .debug_macro   0x00000000       0x16 ./Sources/main.o
 .debug_macro   0x00000000       0x16 ./Sources/main.o
 .debug_macro   0x00000000       0x44 ./Sources/main.o
 .debug_macro   0x00000000      0x209 ./Sources/main.o
 .debug_macro   0x00000000       0x3a ./Sources/main.o
 .debug_macro   0x00000000       0x3a ./Sources/main.o
 .debug_macro   0x00000000       0x26 ./Sources/main.o
 .debug_macro   0x00000000      0x306 ./Sources/main.o
 .debug_macro   0x00000000       0x6b ./Sources/main.o
 .debug_macro   0x00000000     0xd132 ./Sources/main.o
 .data          0x00000000        0x0 ./Project_Settings/Startup_Code/startup_MKL46Z4.o
 .bss           0x00000000        0x0 ./Project_Settings/Startup_Code/startup_MKL46Z4.o
 .group         0x00000000        0x8 ./Project_Settings/Startup_Code/system_MKL46Z4.o
 .group         0x00000000        0x8 ./Project_Settings/Startup_Code/system_MKL46Z4.o
 .group         0x00000000        0x8 ./Project_Settings/Startup_Code/system_MKL46Z4.o
 .group         0x00000000        0x8 ./Project_Settings/Startup_Code/system_MKL46Z4.o
 .group         0x00000000        0x8 ./Project_Settings/Startup_Code/system_MKL46Z4.o
 .group         0x00000000        0x8 ./Project_Settings/Startup_Code/system_MKL46Z4.o
 .group         0x00000000        0x8 ./Project_Settings/Startup_Code/system_MKL46Z4.o
 .group         0x00000000        0x8 ./Project_Settings/Startup_Code/system_MKL46Z4.o
 .group         0x00000000        0x8 ./Project_Settings/Startup_Code/system_MKL46Z4.o
 .group         0x00000000        0x8 ./Project_Settings/Startup_Code/system_MKL46Z4.o
 .text          0x00000000        0x0 ./Project_Settings/Startup_Code/system_MKL46Z4.o
 .data          0x00000000        0x0 ./Project_Settings/Startup_Code/system_MKL46Z4.o
 .bss           0x00000000        0x0 ./Project_Settings/Startup_Code/system_MKL46Z4.o
 .data.SystemCoreClock
                0x00000000        0x4 ./Project_Settings/Startup_Code/system_MKL46Z4.o
 .text.SystemCoreClockUpdate
                0x00000000      0x23c ./Project_Settings/Startup_Code/system_MKL46Z4.o
 .debug_macro   0x00000000      0x802 ./Project_Settings/Startup_Code/system_MKL46Z4.o
 .debug_macro   0x00000000       0x16 ./Project_Settings/Startup_Code/system_MKL46Z4.o
 .debug_macro   0x00000000       0x44 ./Project_Settings/Startup_Code/system_MKL46Z4.o
 .debug_macro   0x00000000      0x209 ./Project_Settings/Startup_Code/system_MKL46Z4.o
 .debug_macro   0x00000000       0x3a ./Project_Settings/Startup_Code/system_MKL46Z4.o
 .debug_macro   0x00000000       0x26 ./Project_Settings/Startup_Code/system_MKL46Z4.o
 .debug_macro   0x00000000      0x306 ./Project_Settings/Startup_Code/system_MKL46Z4.o
 .debug_macro   0x00000000       0x6b ./Project_Settings/Startup_Code/system_MKL46Z4.o
 .debug_macro   0x00000000     0xd132 ./Project_Settings/Startup_Code/system_MKL46Z4.o
 .text          0x00000000       0x9c c:/freescale/kds_v3/toolchain/bin/../lib/gcc/arm-none-eabi/4.8.4/armv6-m\libgcc.a(_udivsi3.o)
 .data          0x00000000        0x0 c:/freescale/kds_v3/toolchain/bin/../lib/gcc/arm-none-eabi/4.8.4/armv6-m\libgcc.a(_udivsi3.o)
 .bss           0x00000000        0x0 c:/freescale/kds_v3/toolchain/bin/../lib/gcc/arm-none-eabi/4.8.4/armv6-m\libgcc.a(_udivsi3.o)
 .debug_frame   0x00000000       0x20 c:/freescale/kds_v3/toolchain/bin/../lib/gcc/arm-none-eabi/4.8.4/armv6-m\libgcc.a(_udivsi3.o)
 .ARM.attributes
                0x00000000       0x1e c:/freescale/kds_v3/toolchain/bin/../lib/gcc/arm-none-eabi/4.8.4/armv6-m\libgcc.a(_udivsi3.o)
 .text          0x00000000        0x4 c:/freescale/kds_v3/toolchain/bin/../lib/gcc/arm-none-eabi/4.8.4/armv6-m\libgcc.a(_dvmd_tls.o)
 .data          0x00000000        0x0 c:/freescale/kds_v3/toolchain/bin/../lib/gcc/arm-none-eabi/4.8.4/armv6-m\libgcc.a(_dvmd_tls.o)
 .bss           0x00000000        0x0 c:/freescale/kds_v3/toolchain/bin/../lib/gcc/arm-none-eabi/4.8.4/armv6-m\libgcc.a(_dvmd_tls.o)
 .ARM.attributes
                0x00000000       0x1e c:/freescale/kds_v3/toolchain/bin/../lib/gcc/arm-none-eabi/4.8.4/armv6-m\libgcc.a(_dvmd_tls.o)
 .text          0x00000000        0x0 c:/freescale/kds_v3/toolchain/bin/../lib/gcc/arm-none-eabi/4.8.4/../../../../arm-none-eabi/lib/armv6-m\libg_s.a(lib_a-exit.o)
 .data          0x00000000        0x0 c:/freescale/kds_v3/toolchain/bin/../lib/gcc/arm-none-eabi/4.8.4/../../../../arm-none-eabi/lib/armv6-m\libg_s.a(lib_a-exit.o)
 .bss           0x00000000        0x0 c:/freescale/kds_v3/toolchain/bin/../lib/gcc/arm-none-eabi/4.8.4/../../../../arm-none-eabi/lib/armv6-m\libg_s.a(lib_a-exit.o)
 .text          0x00000000        0x0 c:/freescale/kds_v3/toolchain/bin/../lib/gcc/arm-none-eabi/4.8.4/../../../../arm-none-eabi/lib/armv6-m\libg_s.a(lib_a-impure.o)
 .data          0x00000000        0x0 c:/freescale/kds_v3/toolchain/bin/../lib/gcc/arm-none-eabi/4.8.4/../../../../arm-none-eabi/lib/armv6-m\libg_s.a(lib_a-impure.o)
 .bss           0x00000000        0x0 c:/freescale/kds_v3/toolchain/bin/../lib/gcc/arm-none-eabi/4.8.4/../../../../arm-none-eabi/lib/armv6-m\libg_s.a(lib_a-impure.o)
 .data._impure_ptr
                0x00000000        0x4 c:/freescale/kds_v3/toolchain/bin/../lib/gcc/arm-none-eabi/4.8.4/../../../../arm-none-eabi/lib/armv6-m\libg_s.a(lib_a-impure.o)
 .text          0x00000000        0x0 c:/freescale/kds_v3/toolchain/bin/../lib/gcc/arm-none-eabi/4.8.4/../../../../arm-none-eabi/lib/armv6-m\libg_s.a(lib_a-init.o)
 .data          0x00000000        0x0 c:/freescale/kds_v3/toolchain/bin/../lib/gcc/arm-none-eabi/4.8.4/../../../../arm-none-eabi/lib/armv6-m\libg_s.a(lib_a-init.o)
 .bss           0x00000000        0x0 c:/freescale/kds_v3/toolchain/bin/../lib/gcc/arm-none-eabi/4.8.4/../../../../arm-none-eabi/lib/armv6-m\libg_s.a(lib_a-init.o)
 .text          0x00000000        0x0 c:/freescale/kds_v3/toolchain/bin/../lib/gcc/arm-none-eabi/4.8.4/../../../../arm-none-eabi/lib/armv6-m\libg_s.a(lib_a-memset.o)
 .data          0x00000000        0x0 c:/freescale/kds_v3/toolchain/bin/../lib/gcc/arm-none-eabi/4.8.4/../../../../arm-none-eabi/lib/armv6-m\libg_s.a(lib_a-memset.o)
 .bss           0x00000000        0x0 c:/freescale/kds_v3/toolchain/bin/../lib/gcc/arm-none-eabi/4.8.4/../../../../arm-none-eabi/lib/armv6-m\libg_s.a(lib_a-memset.o)
 .text          0x00000000        0x0 c:/freescale/kds_v3/toolchain/bin/../lib/gcc/arm-none-eabi/4.8.4/../../../../arm-none-eabi/lib/armv6-m\libnosys.a(_exit.o)
 .data          0x00000000        0x0 c:/freescale/kds_v3/toolchain/bin/../lib/gcc/arm-none-eabi/4.8.4/../../../../arm-none-eabi/lib/armv6-m\libnosys.a(_exit.o)
 .bss           0x00000000        0x0 c:/freescale/kds_v3/toolchain/bin/../lib/gcc/arm-none-eabi/4.8.4/../../../../arm-none-eabi/lib/armv6-m\libnosys.a(_exit.o)
 .text          0x00000000        0x0 c:/freescale/kds_v3/toolchain/bin/../lib/gcc/arm-none-eabi/4.8.4/armv6-m/crtend.o
 .data          0x00000000        0x0 c:/freescale/kds_v3/toolchain/bin/../lib/gcc/arm-none-eabi/4.8.4/armv6-m/crtend.o
 .bss           0x00000000        0x0 c:/freescale/kds_v3/toolchain/bin/../lib/gcc/arm-none-eabi/4.8.4/armv6-m/crtend.o
 .eh_frame      0x00000000        0x4 c:/freescale/kds_v3/toolchain/bin/../lib/gcc/arm-none-eabi/4.8.4/armv6-m/crtend.o
 .text          0x00000000        0x0 c:/freescale/kds_v3/toolchain/bin/../lib/gcc/arm-none-eabi/4.8.4/armv6-m/crtn.o
 .data          0x00000000        0x0 c:/freescale/kds_v3/toolchain/bin/../lib/gcc/arm-none-eabi/4.8.4/armv6-m/crtn.o
 .bss           0x00000000        0x0 c:/freescale/kds_v3/toolchain/bin/../lib/gcc/arm-none-eabi/4.8.4/armv6-m/crtn.o

Memory Configuration

Name             Origin             Length             Attributes
m_interrupts     0x00000000         0x00000100         xr
m_flash_config   0x00000400         0x00000010         xr
m_text           0x00000410         0x0003fbf0         xr
m_data           0x1fffe000         0x00008000         rw
*default*        0x00000000         0xffffffff

Linker script and memory map

LOAD c:/freescale/kds_v3/toolchain/bin/../lib/gcc/arm-none-eabi/4.8.4/armv6-m/crti.o
LOAD c:/freescale/kds_v3/toolchain/bin/../lib/gcc/arm-none-eabi/4.8.4/armv6-m/crtbegin.o
LOAD c:/freescale/kds_v3/toolchain/bin/../lib/gcc/arm-none-eabi/4.8.4/../../../../arm-none-eabi/lib/armv6-m/crt0.o
LOAD ./Sources/HAL_layer/hal_clock.o
LOAD ./Sources/HAL_layer/hal_gpio.o
LOAD ./Sources/Drivers_layer/Switch/switch.o
LOAD ./Sources/Drivers_layer/LED/led.o
LOAD ./Sources/Application_layer/app.o
LOAD ./Sources/main.o
LOAD ./Project_Settings/Startup_Code/startup_MKL46Z4.o
LOAD ./Project_Settings/Startup_Code/system_MKL46Z4.o
LOAD c:/freescale/kds_v3/toolchain/bin/../lib/gcc/arm-none-eabi/4.8.4/../../../../arm-none-eabi/lib/armv6-m\libstdc++_s.a
LOAD c:/freescale/kds_v3/toolchain/bin/../lib/gcc/arm-none-eabi/4.8.4/../../../../arm-none-eabi/lib/armv6-m\libm.a
START GROUP
LOAD c:/freescale/kds_v3/toolchain/bin/../lib/gcc/arm-none-eabi/4.8.4/armv6-m\libgcc.a
LOAD c:/freescale/kds_v3/toolchain/bin/../lib/gcc/arm-none-eabi/4.8.4/../../../../arm-none-eabi/lib/armv6-m\libg_s.a
LOAD c:/freescale/kds_v3/toolchain/bin/../lib/gcc/arm-none-eabi/4.8.4/../../../../arm-none-eabi/lib/armv6-m\libc_s.a
END GROUP
START GROUP
LOAD c:/freescale/kds_v3/toolchain/bin/../lib/gcc/arm-none-eabi/4.8.4/armv6-m\libgcc.a
LOAD c:/freescale/kds_v3/toolchain/bin/../lib/gcc/arm-none-eabi/4.8.4/../../../../arm-none-eabi/lib/armv6-m\libc_s.a
LOAD c:/freescale/kds_v3/toolchain/bin/../lib/gcc/arm-none-eabi/4.8.4/../../../../arm-none-eabi/lib/armv6-m\libnosys.a
END GROUP
START GROUP
LOAD c:/freescale/kds_v3/toolchain/bin/../lib/gcc/arm-none-eabi/4.8.4/armv6-m\libgcc.a
LOAD c:/freescale/kds_v3/toolchain/bin/../lib/gcc/arm-none-eabi/4.8.4/../../../../arm-none-eabi/lib/armv6-m\libc_s.a
LOAD c:/freescale/kds_v3/toolchain/bin/../lib/gcc/arm-none-eabi/4.8.4/../../../../arm-none-eabi/lib/armv6-m\libnosys.a
END GROUP
LOAD c:/freescale/kds_v3/toolchain/bin/../lib/gcc/arm-none-eabi/4.8.4/armv6-m/crtend.o
LOAD c:/freescale/kds_v3/toolchain/bin/../lib/gcc/arm-none-eabi/4.8.4/armv6-m/crtn.o
                0x00000400                HEAP_SIZE = DEFINED (__heap_size__)?__heap_size__:0x400
                0x00000400                STACK_SIZE = DEFINED (__stack_size__)?__stack_size__:0x400

.interrupts     0x00000000       0xc0
                0x00000000                __VECTOR_TABLE = .
                0x00000000                . = ALIGN (0x4)
 *(.isr_vector)
 .isr_vector    0x00000000       0xc0 ./Project_Settings/Startup_Code/startup_MKL46Z4.o
                0x00000000                __isr_vector
                0x000000c0                . = ALIGN (0x4)

.flash_config   0x00000400       0x10
                0x00000400                . = ALIGN (0x4)
 *(.FlashConfig)
 .FlashConfig   0x00000400       0x10 ./Project_Settings/Startup_Code/startup_MKL46Z4.o
                0x00000410                . = ALIGN (0x4)

.text           0x00000410      0x63c
                0x00000410                . = ALIGN (0x4)
 *(.text)
 .text          0x00000410       0x60 c:/freescale/kds_v3/toolchain/bin/../lib/gcc/arm-none-eabi/4.8.4/armv6-m/crtbegin.o
 .text          0x00000470       0x78 c:/freescale/kds_v3/toolchain/bin/../lib/gcc/arm-none-eabi/4.8.4/../../../../arm-none-eabi/lib/armv6-m/crt0.o
                0x00000470                _start
                0x00000470                _mainCRTStartup
 .text          0x000004e8       0x34 ./Project_Settings/Startup_Code/startup_MKL46Z4.o
                0x000004e8                Reset_Handler
                0x00000514                HardFault_Handler
                0x00000514                SysTick_Handler
                0x00000514                PendSV_Handler
                0x00000514                NMI_Handler
                0x00000514                PORTC_PORTD_IRQHandler
                0x00000514                I2C1_IRQHandler
                0x00000514                UART1_IRQHandler
                0x00000514                DMA2_IRQHandler
                0x00000514                TPM0_IRQHandler
                0x00000514                I2S0_IRQHandler
                0x00000514                LLWU_IRQHandler
                0x00000514                TSI0_IRQHandler
                0x00000514                UART0_IRQHandler
                0x00000514                ADC0_IRQHandler
                0x00000514                SPI1_IRQHandler
                0x00000514                DefaultISR
                0x00000514                TPM2_IRQHandler
                0x00000514                RTC_IRQHandler
                0x00000514                I2C0_IRQHandler
                0x00000514                LCD_IRQHandler
                0x00000514                RTC_Seconds_IRQHandler
                0x00000514                MCG_IRQHandler
                0x00000514                UART2_IRQHandler
                0x00000514                Reserved20_IRQHandler
                0x00000514                USB0_IRQHandler
                0x00000514                PIT_IRQHandler
                0x00000514                SVC_Handler
                0x00000514                DMA3_IRQHandler
                0x00000514                DMA0_IRQHandler
                0x00000514                DAC0_IRQHandler
                0x00000514                TPM1_IRQHandler
                0x00000514                LVD_LVW_IRQHandler
                0x00000514                SPI0_IRQHandler
                0x00000514                PORTA_IRQHandler
                0x00000514                FTFA_IRQHandler
                0x00000514                LPTMR0_IRQHandler
                0x00000514                CMP0_IRQHandler
                0x00000514                DMA1_IRQHandler
 *(.text*)
 .text.HAL_PORT_EnableClock
                0x0000051c       0xb4 ./Sources/HAL_layer/hal_clock.o
                0x0000051c                HAL_PORT_EnableClock
 .text.HAL_GPIO_SetMuxPinLED
                0x000005d0       0x1c ./Sources/HAL_layer/hal_gpio.o
                0x000005d0                HAL_GPIO_SetMuxPinLED
 .text.HAL_GPIO_SetMuxPinSwitch
                0x000005ec       0x54 ./Sources/HAL_layer/hal_gpio.o
                0x000005ec                HAL_GPIO_SetMuxPinSwitch
 .text.HAL_GPIO_SetAsOutput
                0x00000640       0x1c ./Sources/HAL_layer/hal_gpio.o
                0x00000640                HAL_GPIO_SetAsOutput
 .text.HAL_GPIO_SetAsInput
                0x0000065c       0x20 ./Sources/HAL_layer/hal_gpio.o
                0x0000065c                HAL_GPIO_SetAsInput
 .text.HAL_GPIO_SetPin
                0x0000067c       0x1c ./Sources/HAL_layer/hal_gpio.o
                0x0000067c                HAL_GPIO_SetPin
 .text.HAL_GPIO_ClearPin
                0x00000698       0x1c ./Sources/HAL_layer/hal_gpio.o
                0x00000698                HAL_GPIO_ClearPin
 .text.HAL_GPIO_ReadPin
                0x000006b4       0x1c ./Sources/HAL_layer/hal_gpio.o
                0x000006b4                HAL_GPIO_ReadPin
 .text.SWITCH_Init
                0x000006d0       0x34 ./Sources/Drivers_layer/Switch/switch.o
                0x000006d0                SWITCH_Init
 .text.SWITCH_isPressed
                0x00000704       0x28 ./Sources/Drivers_layer/Switch/switch.o
                0x00000704                SWITCH_isPressed
 .text.LED_Init
                0x0000072c       0x34 ./Sources/Drivers_layer/LED/led.o
                0x0000072c                LED_Init
 .text.LED_On   0x00000760       0x1c ./Sources/Drivers_layer/LED/led.o
                0x00000760                LED_On
 .text.LED_Off  0x0000077c       0x1c ./Sources/Drivers_layer/LED/led.o
                0x0000077c                LED_Off
 .text.APP_Init
                0x00000798       0x18 ./Sources/Application_layer/app.o
                0x00000798                APP_Init
 .text.APP_Run  0x000007b0       0x60 ./Sources/Application_layer/app.o
                0x000007b0                APP_Run
 .text.LED_RedInit
                0x00000810       0x20 ./Sources/Application_layer/app.o
 .text.LED_GreenInit
                0x00000830       0x20 ./Sources/Application_layer/app.o
 .text.LED_RedOn
                0x00000850       0x1c ./Sources/Application_layer/app.o
 .text.LED_RedOff
                0x0000086c       0x1c ./Sources/Application_layer/app.o
 .text.LED_GreenOn
                0x00000888       0x1c ./Sources/Application_layer/app.o
 .text.LED_GreenOff
                0x000008a4       0x1c ./Sources/Application_layer/app.o
 .text.SW1_Init
                0x000008c0       0x20 ./Sources/Application_layer/app.o
 .text.SW2_Init
                0x000008e0       0x20 ./Sources/Application_layer/app.o
 .text.isSW1_Pressed
                0x00000900       0x20 ./Sources/Application_layer/app.o
 .text.isSW2_Pressed
                0x00000920       0x20 ./Sources/Application_layer/app.o
 .text.APP_Delay
                0x00000940       0x38 ./Sources/Application_layer/app.o
 .text.main     0x00000978       0x10 ./Sources/main.o
                0x00000978                main
 .text.SystemInit
                0x00000988       0x18 ./Project_Settings/Startup_Code/system_MKL46Z4.o
                0x00000988                SystemInit
 .text.exit     0x000009a0       0x2c c:/freescale/kds_v3/toolchain/bin/../lib/gcc/arm-none-eabi/4.8.4/../../../../arm-none-eabi/lib/armv6-m\libg_s.a(lib_a-exit.o)
                0x000009a0                exit
 .text.__libc_init_array
                0x000009cc       0x4c c:/freescale/kds_v3/toolchain/bin/../lib/gcc/arm-none-eabi/4.8.4/../../../../arm-none-eabi/lib/armv6-m\libg_s.a(lib_a-init.o)
                0x000009cc                __libc_init_array
 .text.memset   0x00000a18       0x10 c:/freescale/kds_v3/toolchain/bin/../lib/gcc/arm-none-eabi/4.8.4/../../../../arm-none-eabi/lib/armv6-m\libg_s.a(lib_a-memset.o)
                0x00000a18                memset
 .text._exit    0x00000a28        0x4 c:/freescale/kds_v3/toolchain/bin/../lib/gcc/arm-none-eabi/4.8.4/../../../../arm-none-eabi/lib/armv6-m\libnosys.a(_exit.o)
                0x00000a28                _exit
 *(.rodata)
 *(.rodata*)
 .rodata.str1.1
                0x00000a2c        0x2 c:/freescale/kds_v3/toolchain/bin/../lib/gcc/arm-none-eabi/4.8.4/../../../../arm-none-eabi/lib/armv6-m\libg_s.a(lib_a-impure.o)
 *fill*         0x00000a2e        0x2 
 .rodata._global_impure_ptr
                0x00000a30        0x4 c:/freescale/kds_v3/toolchain/bin/../lib/gcc/arm-none-eabi/4.8.4/../../../../arm-none-eabi/lib/armv6-m\libg_s.a(lib_a-impure.o)
                0x00000a30                _global_impure_ptr
 *(.glue_7)
 .glue_7        0x00000000        0x0 linker stubs
 *(.glue_7t)
 .glue_7t       0x00000000        0x0 linker stubs
 *(.eh_frame)
 .eh_frame      0x00000a34        0x0 c:/freescale/kds_v3/toolchain/bin/../lib/gcc/arm-none-eabi/4.8.4/armv6-m/crtbegin.o
 *(.init)
 .init          0x00000a34        0x4 c:/freescale/kds_v3/toolchain/bin/../lib/gcc/arm-none-eabi/4.8.4/armv6-m/crti.o
                0x00000a34                _init
 .init          0x00000a38        0x8 c:/freescale/kds_v3/toolchain/bin/../lib/gcc/arm-none-eabi/4.8.4/armv6-m/crtn.o
 *(.fini)
 .fini          0x00000a40        0x4 c:/freescale/kds_v3/toolchain/bin/../lib/gcc/arm-none-eabi/4.8.4/armv6-m/crti.o
                0x00000a40                _fini
 .fini          0x00000a44        0x8 c:/freescale/kds_v3/toolchain/bin/../lib/gcc/arm-none-eabi/4.8.4/armv6-m/crtn.o
                0x00000a4c                . = ALIGN (0x4)

.vfp11_veneer   0x00000a4c        0x0
 .vfp11_veneer  0x00000000        0x0 linker stubs

.v4_bx          0x00000a4c        0x0
 .v4_bx         0x00000000        0x0 linker stubs

.iplt           0x00000a4c        0x0
 .iplt          0x00000000        0x0 c:/freescale/kds_v3/toolchain/bin/../lib/gcc/arm-none-eabi/4.8.4/armv6-m/crtbegin.o

.ARM.extab
 *(.ARM.extab* .gnu.linkonce.armextab.*)

.ARM            0x00000a4c        0x8
                0x00000a4c                __exidx_start = .
 *(.ARM.exidx*)
 .ARM.exidx     0x00000a4c        0x8 c:/freescale/kds_v3/toolchain/bin/../lib/gcc/arm-none-eabi/4.8.4/../../../../arm-none-eabi/lib/armv6-m/crt0.o
                0x00000a54                __exidx_end = .

.rel.dyn        0x00000a54        0x0
 .rel.iplt      0x00000000        0x0 c:/freescale/kds_v3/toolchain/bin/../lib/gcc/arm-none-eabi/4.8.4/armv6-m/crtbegin.o

.ctors          0x00000a54        0x0
                0x00000a54                __CTOR_LIST__ = .
 *crtbegin.o(.ctors)
 *crtbegin?.o(.ctors)
 *(EXCLUDE_FILE(*crtend.o *crtend?.o) .ctors)
 *(SORT(.ctors.*))
 *(.ctors)
                0x00000a54                __CTOR_END__ = .

.dtors          0x00000a54        0x0
                0x00000a54                __DTOR_LIST__ = .
 *crtbegin.o(.dtors)
 *crtbegin?.o(.dtors)
 *(EXCLUDE_FILE(*crtend.o *crtend?.o) .dtors)
 *(SORT(.dtors.*))
 *(.dtors)
                0x00000a54                __DTOR_END__ = .

.preinit_array  0x00000a54        0x0
                0x00000a54                PROVIDE (__preinit_array_start, .)
 *(.preinit_array*)
                0x00000a54                PROVIDE (__preinit_array_end, .)

.init_array     0x00000a54        0x4
                0x00000a54                PROVIDE (__init_array_start, .)
 *(SORT(.init_array.*))
 *(.init_array*)
 .init_array    0x00000a54        0x4 c:/freescale/kds_v3/toolchain/bin/../lib/gcc/arm-none-eabi/4.8.4/armv6-m/crtbegin.o
                0x00000a58                PROVIDE (__init_array_end, .)

.fini_array     0x00000a58        0x4
                0x00000a58                PROVIDE (__fini_array_start, .)
 *(SORT(.fini_array.*))
 *(.fini_array*)
 .fini_array    0x00000a58        0x4 c:/freescale/kds_v3/toolchain/bin/../lib/gcc/arm-none-eabi/4.8.4/armv6-m/crtbegin.o
                0x00000a5c                PROVIDE (__fini_array_end, .)
                0x00000a5c                __etext = .
                0x00000a5c                __DATA_ROM = .

.mtb            0x1fffe000        0x0
                0x1fffe000                . = ALIGN (0x8)
                0x1fffe000                _mtb_start = .
 *(.mtb_buf)
                0x1fffe000                . = ALIGN (0x8)
                0x1fffe000                _mtb_end = .

.data           0x1fffe000       0xa4 load address 0x00000a5c
                0x1fffe000                . = ALIGN (0x4)
                0x1fffe000                __DATA_RAM = .
                0x1fffe000                __data_start__ = .
 *(.data)
 *(.data*)
 .data.RED_LED  0x1fffe000       0x10 ./Sources/Application_layer/app.o
 .data.GREEN_LED
                0x1fffe010       0x10 ./Sources/Application_layer/app.o
 .data.SW1      0x1fffe020       0x10 ./Sources/Application_layer/app.o
 .data.SW2      0x1fffe030       0x10 ./Sources/Application_layer/app.o
 .data.impure_data
                0x1fffe040       0x60 c:/freescale/kds_v3/toolchain/bin/../lib/gcc/arm-none-eabi/4.8.4/../../../../arm-none-eabi/lib/armv6-m\libg_s.a(lib_a-impure.o)
 *(.jcr*)
 .jcr           0x1fffe0a0        0x0 c:/freescale/kds_v3/toolchain/bin/../lib/gcc/arm-none-eabi/4.8.4/armv6-m/crtbegin.o
 .jcr           0x1fffe0a0        0x4 c:/freescale/kds_v3/toolchain/bin/../lib/gcc/arm-none-eabi/4.8.4/armv6-m/crtend.o
                0x1fffe0a4                . = ALIGN (0x4)
                0x1fffe0a4                __data_end__ = .
                0x00000b00                __DATA_END = (__DATA_ROM + (__data_end__ - __data_start__))

.igot.plt       0x1fffe0a4        0x0 load address 0x00000b00
 .igot.plt      0x00000000        0x0 c:/freescale/kds_v3/toolchain/bin/../lib/gcc/arm-none-eabi/4.8.4/armv6-m/crtbegin.o

.bss            0x1fffe0a4       0x1c load address 0x00000b00
                0x1fffe0a4                . = ALIGN (0x4)
                0x1fffe0a4                __START_BSS = .
                0x1fffe0a4                __bss_start__ = .
 *(.bss)
 .bss           0x1fffe0a4       0x1c c:/freescale/kds_v3/toolchain/bin/../lib/gcc/arm-none-eabi/4.8.4/armv6-m/crtbegin.o
 *(.bss*)
 *(COMMON)
                0x1fffe0c0                . = ALIGN (0x4)
                0x1fffe0c0                __bss_end__ = .
                0x1fffe0c0                __END_BSS = .

.heap           0x1fffe0c0      0x400 load address 0x00000b1c
                0x1fffe0c0                . = ALIGN (0x8)
                0x1fffe0c0                __end__ = .
                0x1fffe0c0                PROVIDE (end, .)
                0x1fffe0c0                __HeapBase = .
                0x1fffe4c0                . = (. + HEAP_SIZE)
 *fill*         0x1fffe0c0      0x400 
                0x1fffe4c0                __HeapLimit = .

.stack          0x1fffe4c0      0x400 load address 0x00000f1c
                0x1fffe4c0                . = ALIGN (0x8)
                0x1fffe8c0                . = (. + STACK_SIZE)
 *fill*         0x1fffe4c0      0x400 
                0x20006000                __StackTop = (ORIGIN (m_data) + 0x8000)
                0x20005c00                __StackLimit = (__StackTop - STACK_SIZE)
                0x20006000                PROVIDE (__stack, __StackTop)

.ARM.attributes
                0x00000000       0x28
 *(.ARM.attributes)
 .ARM.attributes
                0x00000000       0x1e c:/freescale/kds_v3/toolchain/bin/../lib/gcc/arm-none-eabi/4.8.4/armv6-m/crti.o
 .ARM.attributes
                0x0000001e       0x2c c:/freescale/kds_v3/toolchain/bin/../lib/gcc/arm-none-eabi/4.8.4/armv6-m/crtbegin.o
 .ARM.attributes
                0x0000004a       0x1b c:/freescale/kds_v3/toolchain/bin/../lib/gcc/arm-none-eabi/4.8.4/../../../../arm-none-eabi/lib/armv6-m/crt0.o
 .ARM.attributes
                0x00000065       0x32 ./Sources/HAL_layer/hal_clock.o
 .ARM.attributes
                0x00000097       0x32 ./Sources/HAL_layer/hal_gpio.o
 .ARM.attributes
                0x000000c9       0x32 ./Sources/Drivers_layer/Switch/switch.o
 .ARM.attributes
                0x000000fb       0x32 ./Sources/Drivers_layer/LED/led.o
 .ARM.attributes
                0x0000012d       0x32 ./Sources/Application_layer/app.o
 .ARM.attributes
                0x0000015f       0x32 ./Sources/main.o
 .ARM.attributes
                0x00000191       0x1b ./Project_Settings/Startup_Code/startup_MKL46Z4.o
 .ARM.attributes
                0x000001ac       0x32 ./Project_Settings/Startup_Code/system_MKL46Z4.o
 .ARM.attributes
                0x000001de       0x2c c:/freescale/kds_v3/toolchain/bin/../lib/gcc/arm-none-eabi/4.8.4/../../../../arm-none-eabi/lib/armv6-m\libg_s.a(lib_a-exit.o)
 .ARM.attributes
                0x0000020a       0x2c c:/freescale/kds_v3/toolchain/bin/../lib/gcc/arm-none-eabi/4.8.4/../../../../arm-none-eabi/lib/armv6-m\libg_s.a(lib_a-impure.o)
 .ARM.attributes
                0x00000236       0x2c c:/freescale/kds_v3/toolchain/bin/../lib/gcc/arm-none-eabi/4.8.4/../../../../arm-none-eabi/lib/armv6-m\libg_s.a(lib_a-init.o)
 .ARM.attributes
                0x00000262       0x2c c:/freescale/kds_v3/toolchain/bin/../lib/gcc/arm-none-eabi/4.8.4/../../../../arm-none-eabi/lib/armv6-m\libg_s.a(lib_a-memset.o)
 .ARM.attributes
                0x0000028e       0x2c c:/freescale/kds_v3/toolchain/bin/../lib/gcc/arm-none-eabi/4.8.4/../../../../arm-none-eabi/lib/armv6-m\libnosys.a(_exit.o)
 .ARM.attributes
                0x000002ba       0x2c c:/freescale/kds_v3/toolchain/bin/../lib/gcc/arm-none-eabi/4.8.4/armv6-m/crtend.o
 .ARM.attributes
                0x000002e6       0x1e c:/freescale/kds_v3/toolchain/bin/../lib/gcc/arm-none-eabi/4.8.4/armv6-m/crtn.o
                0x00000001                ASSERT ((__StackLimit >= __HeapLimit), region m_data overflowed with stack and heap)
OUTPUT(NguyenVietHa_MCUASM2.elf elf32-littlearm)

.debug_info     0x00000000     0x1300
 .debug_info    0x00000000      0x339 ./Sources/HAL_layer/hal_clock.o
 .debug_info    0x00000339      0x2f7 ./Sources/HAL_layer/hal_gpio.o
 .debug_info    0x00000630      0x219 ./Sources/Drivers_layer/Switch/switch.o
 .debug_info    0x00000849      0x247 ./Sources/Drivers_layer/LED/led.o
 .debug_info    0x00000a90      0x36b ./Sources/Application_layer/app.o
 .debug_info    0x00000dfb       0x8c ./Sources/main.o
 .debug_info    0x00000e87       0x8b ./Project_Settings/Startup_Code/startup_MKL46Z4.o
 .debug_info    0x00000f12      0x3ee ./Project_Settings/Startup_Code/system_MKL46Z4.o

.debug_abbrev   0x00000000      0x663
 .debug_abbrev  0x00000000       0xe9 ./Sources/HAL_layer/hal_clock.o
 .debug_abbrev  0x000000e9       0xed ./Sources/HAL_layer/hal_gpio.o
 .debug_abbrev  0x000001d6       0xed ./Sources/Drivers_layer/Switch/switch.o
 .debug_abbrev  0x000002c3       0xeb ./Sources/Drivers_layer/LED/led.o
 .debug_abbrev  0x000003ae      0x151 ./Sources/Application_layer/app.o
 .debug_abbrev  0x000004ff       0x47 ./Sources/main.o
 .debug_abbrev  0x00000546       0x14 ./Project_Settings/Startup_Code/startup_MKL46Z4.o
 .debug_abbrev  0x0000055a      0x109 ./Project_Settings/Startup_Code/system_MKL46Z4.o

.debug_aranges  0x00000000      0x1b0
 .debug_aranges
                0x00000000       0x20 ./Sources/HAL_layer/hal_clock.o
 .debug_aranges
                0x00000020       0x50 ./Sources/HAL_layer/hal_gpio.o
 .debug_aranges
                0x00000070       0x28 ./Sources/Drivers_layer/Switch/switch.o
 .debug_aranges
                0x00000098       0x30 ./Sources/Drivers_layer/LED/led.o
 .debug_aranges
                0x000000c8       0x80 ./Sources/Application_layer/app.o
 .debug_aranges
                0x00000148       0x20 ./Sources/main.o
 .debug_aranges
                0x00000168       0x20 ./Project_Settings/Startup_Code/startup_MKL46Z4.o
 .debug_aranges
                0x00000188       0x28 ./Project_Settings/Startup_Code/system_MKL46Z4.o

.debug_ranges   0x00000000      0x120
 .debug_ranges  0x00000000       0x10 ./Sources/HAL_layer/hal_clock.o
 .debug_ranges  0x00000010       0x40 ./Sources/HAL_layer/hal_gpio.o
 .debug_ranges  0x00000050       0x18 ./Sources/Drivers_layer/Switch/switch.o
 .debug_ranges  0x00000068       0x20 ./Sources/Drivers_layer/LED/led.o
 .debug_ranges  0x00000088       0x70 ./Sources/Application_layer/app.o
 .debug_ranges  0x000000f8       0x10 ./Sources/main.o
 .debug_ranges  0x00000108       0x18 ./Project_Settings/Startup_Code/system_MKL46Z4.o

.debug_macro    0x00000000     0xecac
 .debug_macro   0x00000000      0x135 ./Sources/HAL_layer/hal_clock.o
 .debug_macro   0x00000135      0x802 ./Sources/HAL_layer/hal_clock.o
 .debug_macro   0x00000937       0x16 ./Sources/HAL_layer/hal_clock.o
 .debug_macro   0x0000094d       0x16 ./Sources/HAL_layer/hal_clock.o
 .debug_macro   0x00000963       0x44 ./Sources/HAL_layer/hal_clock.o
 .debug_macro   0x000009a7      0x209 ./Sources/HAL_layer/hal_clock.o
 .debug_macro   0x00000bb0       0x3a ./Sources/HAL_layer/hal_clock.o
 .debug_macro   0x00000bea       0x3a ./Sources/HAL_layer/hal_clock.o
 .debug_macro   0x00000c24       0x26 ./Sources/HAL_layer/hal_clock.o
 .debug_macro   0x00000c4a      0x306 ./Sources/HAL_layer/hal_clock.o
 .debug_macro   0x00000f50       0x6b ./Sources/HAL_layer/hal_clock.o
 .debug_macro   0x00000fbb     0xd132 ./Sources/HAL_layer/hal_clock.o
 .debug_macro   0x0000e0ed       0x58 ./Sources/HAL_layer/hal_clock.o
 .debug_macro   0x0000e145       0x35 ./Sources/HAL_layer/hal_clock.o
 .debug_macro   0x0000e17a       0xa3 ./Sources/HAL_layer/hal_clock.o
 .debug_macro   0x0000e21d      0x166 ./Sources/HAL_layer/hal_clock.o
 .debug_macro   0x0000e383       0x52 ./Sources/HAL_layer/hal_clock.o
 .debug_macro   0x0000e3d5       0x16 ./Sources/HAL_layer/hal_clock.o
 .debug_macro   0x0000e3eb       0x43 ./Sources/HAL_layer/hal_clock.o
 .debug_macro   0x0000e42e      0x180 ./Sources/HAL_layer/hal_clock.o
 .debug_macro   0x0000e5ae      0x2a6 ./Sources/HAL_layer/hal_clock.o
 .debug_macro   0x0000e854       0x10 ./Sources/HAL_layer/hal_clock.o
 .debug_macro   0x0000e864       0x35 ./Sources/HAL_layer/hal_clock.o
 .debug_macro   0x0000e899       0x8d ./Sources/HAL_layer/hal_gpio.o
 .debug_macro   0x0000e926       0xa5 ./Sources/Drivers_layer/Switch/switch.o
 .debug_macro   0x0000e9cb       0xa5 ./Sources/Drivers_layer/LED/led.o
 .debug_macro   0x0000ea70       0xb9 ./Sources/Application_layer/app.o
 .debug_macro   0x0000eb29       0xb9 ./Sources/main.o
 .debug_macro   0x0000ebe2       0x7e ./Project_Settings/Startup_Code/system_MKL46Z4.o
 .debug_macro   0x0000ec60       0x4c ./Project_Settings/Startup_Code/system_MKL46Z4.o

.debug_line     0x00000000     0x12f6
 .debug_line    0x00000000      0x2e7 ./Sources/HAL_layer/hal_clock.o
 .debug_line    0x000002e7      0x272 ./Sources/HAL_layer/hal_gpio.o
 .debug_line    0x00000559      0x25e ./Sources/Drivers_layer/Switch/switch.o
 .debug_line    0x000007b7      0x263 ./Sources/Drivers_layer/LED/led.o
 .debug_line    0x00000a1a      0x396 ./Sources/Application_layer/app.o
 .debug_line    0x00000db0      0x28b ./Sources/main.o
 .debug_line    0x0000103b       0x7b ./Project_Settings/Startup_Code/startup_MKL46Z4.o
 .debug_line    0x000010b6      0x240 ./Project_Settings/Startup_Code/system_MKL46Z4.o

.debug_str      0x00000000    0x518ed
 .debug_str     0x00000000    0x51555 ./Sources/HAL_layer/hal_clock.o
                              0x519df (size before relaxing)
 .debug_str     0x00051555      0x105 ./Sources/HAL_layer/hal_gpio.o
                              0x4f4f1 (size before relaxing)
 .debug_str     0x0005165a       0x7b ./Sources/Drivers_layer/Switch/switch.o
                              0x4f4d3 (size before relaxing)
 .debug_str     0x000516d5       0x5e ./Sources/Drivers_layer/LED/led.o
                              0x4f4c2 (size before relaxing)
 .debug_str     0x00051733      0x10c ./Sources/Application_layer/app.o
                              0x4f5b5 (size before relaxing)
 .debug_str     0x0005183f       0x17 ./Sources/main.o
                              0x4f462 (size before relaxing)
 .debug_str     0x00051856       0x97 ./Project_Settings/Startup_Code/system_MKL46Z4.o
                              0x4f537 (size before relaxing)

.comment        0x00000000       0x70
 .comment       0x00000000       0x70 ./Sources/HAL_layer/hal_clock.o
                                 0x71 (size before relaxing)
 .comment       0x00000000       0x71 ./Sources/HAL_layer/hal_gpio.o
 .comment       0x00000000       0x71 ./Sources/Drivers_layer/Switch/switch.o
 .comment       0x00000000       0x71 ./Sources/Drivers_layer/LED/led.o
 .comment       0x00000000       0x71 ./Sources/Application_layer/app.o
 .comment       0x00000000       0x71 ./Sources/main.o
 .comment       0x00000000       0x71 ./Project_Settings/Startup_Code/system_MKL46Z4.o

.debug_frame    0x00000000      0x46c
 .debug_frame   0x00000000       0x30 ./Sources/HAL_layer/hal_clock.o
 .debug_frame   0x00000030       0xf0 ./Sources/HAL_layer/hal_gpio.o
 .debug_frame   0x00000120       0x50 ./Sources/Drivers_layer/Switch/switch.o
 .debug_frame   0x00000170       0x70 ./Sources/Drivers_layer/LED/led.o
 .debug_frame   0x000001e0      0x180 ./Sources/Application_layer/app.o
 .debug_frame   0x00000360       0x2c ./Sources/main.o
 .debug_frame   0x0000038c       0x4c ./Project_Settings/Startup_Code/system_MKL46Z4.o
 .debug_frame   0x000003d8       0x28 c:/freescale/kds_v3/toolchain/bin/../lib/gcc/arm-none-eabi/4.8.4/../../../../arm-none-eabi/lib/armv6-m\libg_s.a(lib_a-exit.o)
 .debug_frame   0x00000400       0x2c c:/freescale/kds_v3/toolchain/bin/../lib/gcc/arm-none-eabi/4.8.4/../../../../arm-none-eabi/lib/armv6-m\libg_s.a(lib_a-init.o)
 .debug_frame   0x0000042c       0x20 c:/freescale/kds_v3/toolchain/bin/../lib/gcc/arm-none-eabi/4.8.4/../../../../arm-none-eabi/lib/armv6-m\libg_s.a(lib_a-memset.o)
 .debug_frame   0x0000044c       0x20 c:/freescale/kds_v3/toolchain/bin/../lib/gcc/arm-none-eabi/4.8.4/../../../../arm-none-eabi/lib/armv6-m\libnosys.a(_exit.o)
